---
http_interactions:
- request:
    method: get
    uri: http://www.mocky.io/v2/5e1c138a3200006500228141
    body:
      encoding: US-ASCII
      string: ''
    headers:
      Accept:
      - application/json
      Accept-Encoding:
      - gzip;q=1.0,deflate;q=0.6,identity;q=0.3
      User-Agent:
      - rest-client/2.0.2 (darwin20.3.0 x86_64) ruby/2.4.10p364
      Host:
      - www.mocky.io
  response:
    status:
      code: 500
      message: Internal Server Error
    headers:
      Content-Type:
      - application/json; charset=UTF-8
      Date:
      - Mon, 17 May 2021 10:50:33 GMT
      Content-Length:
      - '0'
      Sozu-Id:
      - 01F5WZ5T72WWCXTFHX11E1NTPT
    body:
      encoding: UTF-8
      string: ''
    http_version:
  recorded_at: Mon, 17 May 2021 10:50:32 GMT
- request:
    method: get
    uri: http://www.mocky.io/v2/5e1c138a3200006500228141
    body:
      encoding: US-ASCII
      string: ''
    headers:
      Accept:
      - application/json
      Accept-Encoding:
      - gzip;q=1.0,deflate;q=0.6,identity;q=0.3
      User-Agent:
      - rest-client/2.0.2 (darwin20.3.0 x86_64) ruby/2.4.10p364
      Host:
      - www.mocky.io
  response:
    status:
      code: 500
      message: Internal Server Error
    headers:
      Content-Type:
      - application/json; charset=UTF-8
      Date:
      - Mon, 17 May 2021 10:50:33 GMT
      Content-Length:
      - '0'
      Sozu-Id:
      - 01F5WZ5TG7Y7ZHQ54CY6682PDV
    body:
      encoding: UTF-8
      string: ''
    http_version:
  recorded_at: Mon, 17 May 2021 10:50:33 GMT
- request:
    method: get
    uri: http://www.mocky.io/v2/5e1c138a3200006500228141
    body:
      encoding: US-ASCII
      string: ''
    headers:
      Accept:
      - application/json
      Accept-Encoding:
      - gzip;q=1.0,deflate;q=0.6,identity;q=0.3
      User-Agent:
      - rest-client/2.0.2 (darwin20.3.0 x86_64) ruby/2.4.10p364
      Host:
      - www.mocky.io
  response:
    status:
      code: 500
      message: Internal Server Error
    headers:
      Content-Type:
      - application/json; charset=UTF-8
      Date:
      - Mon, 17 May 2021 10:50:33 GMT
      Content-Length:
      - '0'
      Sozu-Id:
      - 01F5WZ5TSBMK1SYAE97MK9X483
    body:
      encoding: UTF-8
      string: ''
    http_version:
  recorded_at: Mon, 17 May 2021 10:50:33 GMT
- request:
    method: get
    uri: http://www.mocky.io/v2/5e1c138a3200006500228141
    body:
      encoding: US-ASCII
      string: ''
    headers:
      Accept:
      - application/json
      Accept-Encoding:
      - gzip;q=1.0,deflate;q=0.6,identity;q=0.3
      User-Agent:
      - rest-client/2.0.2 (darwin20.3.0 x86_64) ruby/2.4.10p364
      Host:
      - www.mocky.io
  response:
    status:
      code: 200
      message: OK
    headers:
      Content-Type:
      - application/json; charset=UTF-8
      Date:
      - Mon, 17 May 2021 10:50:33 GMT
      Content-Length:
      - '19'
      Sozu-Id:
      - 01F5WZ5V2D2P5YYNRVG1RVRJPJ
    body:
      encoding: UTF-8
      string: '{ "success": true }'
    http_version:
  recorded_at: Mon, 17 May 2021 10:50:33 GMT
recorded_with: VCR 3.0.3
